[?25l  Shell · ▰▱▱▱▱▱▱  Shell · ▰▰▱▱▱▱▱  Shell · ▰▰▰▱▱▱▱  Shell · ▰▰▰▰▱▱▱  Shell · ▰▰▰▰▰▱▱  Shell · ▰▰▰▰▰▰▱  Shell · ▰▰▰▰▰▰▰  Shell · ▰▱▱▱▱▱▱  Shell · ▰▱▱▱▱▱▱  Shell · ▰▰▱▱▱▱▱  Shell · ▰▰▰▱▱▱▱  Shell · ▰▰▰▰▱▱▱  Shell · ▰▰▰▰▰▱▱  Shell · ▰▰▰▰▰▰▱  Shell · ▰▰▰▰▰▰▰  Shell · ▰▱▱▱▱▱▱  Shell · ▰▱▱▱▱▱▱  Shell · ▰▰▱▱▱▱▱  Shell · ▰▰▰▱▱▱▱  Shell · ▰▰▰▰▱▱▱  Shell · ▰▰▰▰▰▱▱  Shell · ▰▰▰▰▰▰▱  Shell · ▰▰▰▰▰▰▰  Shell · ▰▱▱▱▱▱▱  Shell · ▰▱▱▱▱▱▱  Shell · ▰▰▱▱▱▱▱  Shell · ▰▰▰▱▱▱▱  Shell · ▰▰▰▰▱▱▱  Shell · ▰▰▰▰▰▱▱  Shell · ▰▰▰▰▰▰▱  Shell · ▰▰▰▰▰▰▰  Shell · ▰▱▱▱▱▱▱  Shell · ▰▱▱▱▱▱▱  Shell · ▰▰▱▱▱▱▱  Shell · ▰▰▰▱▱▱▱  Shell · ▰▰▰▰▱▱▱  Shell · ▰▰▰▰▰▱▱  Shell · ▰▰▰▰▰▰▱  Shell · ▰▰▰▰▰▰▰  Shell · ▰▱▱▱▱▱▱  Shell · ▰▱▱▱▱▱▱  Shell · ▰▰▱▱▱▱▱  Shell · ▰▰▰▱▱▱▱  Shell · ▰▰▰▰▱▱▱  Shell · ▰▰▰▰▰▱▱  Shell · ▰▰▰▰▰▰▱  Shell · ▰▰▰▰▰▰▰[?25h  Shell · #From your project root                                           detect-secrets audit .secrets.baseline

# Find all files in a directory that have a certain extension
find . -name "*.$EXTENSION" -type f
